Car FAKE-001 entered at 08:39 PM 24/6/2025
Car FAKE-001 entered at 08:40 PM 24/6/2025
Car FAKE-001 exited at 08:40 PM 24/6/2025
Car FAKE-0 entered at 08:40 PM 24/6/2025
Car FAKE-1 entered at 08:40 PM 24/6/2025
Car FAKE-2 entered at 08:40 PM 24/6/2025
Car FAKE-3 entered at 08:40 PM 24/6/2025
Car FAKE-4 entered at 08:40 PM 24/6/2025
Car FAKE-5 entered at 08:40 PM 24/6/2025
Car FAKE-6 entered at 08:40 PM 24/6/2025
Car FAKE-7 entered at 08:40 PM 24/6/2025
Car FAKE-8 entered at 08:40 PM 24/6/2025
Car FAKE-9 entered at 08:40 PM 24/6/2025
Car FAKE-10 entered at 08:40 PM 24/6/2025
Car FAKE-11 entered at 08:40 PM 24/6/2025
Car FAKE-12 entered at 08:40 PM 24/6/2025
Car FAKE-13 entered at 08:40 PM 24/6/2025
Car FAKE-14 entered at 08:40 PM 24/6/2025
Car FAKE-15 entered at 08:40 PM 24/6/2025
Car FAKE-16 entered at 08:40 PM 24/6/2025
Car FAKE-17 entered at 08:40 PM 24/6/2025
Car FAKE-18 entered at 08:40 PM 24/6/2025
Car FAKE-19 entered at 08:40 PM 24/6/2025
Car FAKE-20 entered at 08:40 PM 24/6/2025
Car FAKE-21 entered at 08:40 PM 24/6/2025
Car FAKE-22 entered at 08:40 PM 24/6/2025
Car FAKE-23 entered at 08:40 PM 24/6/2025
Car FAKE-24 entered at 08:40 PM 24/6/2025
Car FAKE-25 entered at 08:40 PM 24/6/2025
Car FAKE-26 entered at 08:40 PM 24/6/2025
Car FAKE-27 entered at 08:40 PM 24/6/2025
Car FAKE-28 entered at 08:40 PM 24/6/2025
Car FAKE-29 entered at 08:40 PM 24/6/2025
Car FAKE-30 entered at 08:40 PM 24/6/2025
Car FAKE-31 entered at 08:40 PM 24/6/2025
Car FAKE-32 entered at 08:40 PM 24/6/2025
Car FAKE-33 entered at 08:40 PM 24/6/2025
Car FAKE-34 entered at 08:40 PM 24/6/2025
Car FAKE-35 entered at 08:40 PM 24/6/2025
Car FAKE-36 entered at 08:40 PM 24/6/2025
Car FAKE-37 entered at 08:40 PM 24/6/2025
Car FAKE-38 entered at 08:40 PM 24/6/2025
Car FAKE-39 entered at 08:40 PM 24/6/2025
Car FAKE-40 entered at 08:40 PM 24/6/2025
Car FAKE-41 entered at 08:40 PM 24/6/2025
Car FAKE-42 entered at 08:40 PM 24/6/2025
Car FAKE-43 entered at 08:40 PM 24/6/2025
Car FAKE-44 entered at 08:40 PM 24/6/2025
Car FAKE-45 entered at 08:40 PM 24/6/2025
Car FAKE-46 entered at 08:40 PM 24/6/2025
Car FAKE-47 entered at 08:40 PM 24/6/2025
Car FAKE-48 entered at 08:40 PM 24/6/2025
Car FAKE-49 entered at 08:40 PM 24/6/2025
Car FAKE-50 entered at 08:40 PM 24/6/2025
Car FAKE-51 entered at 08:40 PM 24/6/2025
Car FAKE-52 entered at 08:40 PM 24/6/2025
Car FAKE-53 entered at 08:40 PM 24/6/2025
Car FAKE-54 entered at 08:40 PM 24/6/2025
Car FAKE-55 entered at 08:40 PM 24/6/2025
Car FAKE-56 entered at 08:40 PM 24/6/2025
Car FAKE-57 entered at 08:40 PM 24/6/2025
Car FAKE-58 entered at 08:40 PM 24/6/2025
Car FAKE-59 entered at 08:40 PM 24/6/2025
Car FAKE-60 entered at 08:40 PM 24/6/2025
Car FAKE-61 entered at 08:40 PM 24/6/2025
Car FAKE-62 entered at 08:40 PM 24/6/2025
Car FAKE-63 entered at 08:40 PM 24/6/2025
Car FAKE-64 entered at 08:40 PM 24/6/2025
Car FAKE-65 entered at 08:40 PM 24/6/2025
Car FAKE-66 entered at 08:40 PM 24/6/2025
Car FAKE-67 entered at 08:40 PM 24/6/2025
Car FAKE-68 entered at 08:40 PM 24/6/2025
Car FAKE-69 entered at 08:40 PM 24/6/2025
Car FAKE-70 entered at 08:40 PM 24/6/2025
Car FAKE-71 entered at 08:40 PM 24/6/2025
Car FAKE-72 entered at 08:40 PM 24/6/2025
Car FAKE-73 entered at 08:40 PM 24/6/2025
Car FAKE-74 entered at 08:40 PM 24/6/2025
Car FAKE-75 entered at 08:40 PM 24/6/2025
Car FAKE-76 entered at 08:40 PM 24/6/2025
Car FAKE-77 entered at 08:40 PM 24/6/2025
Car FAKE-78 entered at 08:40 PM 24/6/2025
Car FAKE-79 entered at 08:40 PM 24/6/2025
Car FAKE-80 entered at 08:40 PM 24/6/2025
Car FAKE-81 entered at 08:40 PM 24/6/2025
Car FAKE-82 entered at 08:40 PM 24/6/2025
Car FAKE-83 entered at 08:40 PM 24/6/2025
Car FAKE-84 entered at 08:40 PM 24/6/2025
Car FAKE-85 entered at 08:40 PM 24/6/2025
Car FAKE-86 entered at 08:40 PM 24/6/2025
Car FAKE-87 entered at 08:40 PM 24/6/2025
Car FAKE-88 entered at 08:40 PM 24/6/2025
Car FAKE-89 entered at 08:40 PM 24/6/2025
Car FAKE-90 entered at 08:40 PM 24/6/2025
Car FAKE-91 entered at 08:40 PM 24/6/2025
Car FAKE-92 entered at 08:40 PM 24/6/2025
Car FAKE-93 entered at 08:40 PM 24/6/2025
Car FAKE-94 entered at 08:40 PM 24/6/2025
Car FAKE-95 entered at 08:40 PM 24/6/2025
Car FAKE-96 entered at 08:40 PM 24/6/2025
Car FAKE-97 entered at 08:40 PM 24/6/2025
Car FAKE-98 entered at 08:40 PM 24/6/2025
Car FAKE-99 entered at 08:40 PM 24/6/2025
Car FAKE-100 entered at 08:40 PM 24/6/2025
Car FAKE-100 exited at 08:40 PM 24/6/2025
Car NEW-001 entered at 08:40 PM 24/6/2025
Car NEW-001 entered at 08:40 PM 24/6/2025
Car NEW-001 exited at 08:40 PM 24/6/2025
Car FAKE-001 entered at 08:43 PM 24/6/2025
Car NEW-001 entered at 08:43 PM 24/6/2025
Car NEW-001 entered at 08:43 PM 24/6/2025
Car NEW-001 exited at 08:43 PM 24/6/2025
Car FAKE-0 entered at 08:43 PM 24/6/2025
Car FAKE-1 entered at 08:43 PM 24/6/2025
Car FAKE-2 entered at 08:43 PM 24/6/2025
Car FAKE-3 entered at 08:43 PM 24/6/2025
Car FAKE-4 entered at 08:43 PM 24/6/2025
Car FAKE-5 entered at 08:43 PM 24/6/2025
Car FAKE-6 entered at 08:43 PM 24/6/2025
Car FAKE-7 entered at 08:43 PM 24/6/2025
Car FAKE-8 entered at 08:43 PM 24/6/2025
Car FAKE-9 entered at 08:43 PM 24/6/2025
Car FAKE-10 entered at 08:43 PM 24/6/2025
Car FAKE-11 entered at 08:43 PM 24/6/2025
Car FAKE-12 entered at 08:43 PM 24/6/2025
Car FAKE-13 entered at 08:43 PM 24/6/2025
Car FAKE-14 entered at 08:43 PM 24/6/2025
Car FAKE-15 entered at 08:43 PM 24/6/2025
Car FAKE-16 entered at 08:43 PM 24/6/2025
Car FAKE-17 entered at 08:43 PM 24/6/2025
Car FAKE-18 entered at 08:43 PM 24/6/2025
Car FAKE-19 entered at 08:43 PM 24/6/2025
Car FAKE-20 entered at 08:43 PM 24/6/2025
Car FAKE-21 entered at 08:43 PM 24/6/2025
Car FAKE-22 entered at 08:43 PM 24/6/2025
Car FAKE-23 entered at 08:43 PM 24/6/2025
Car FAKE-24 entered at 08:43 PM 24/6/2025
Car FAKE-25 entered at 08:43 PM 24/6/2025
Car FAKE-26 entered at 08:43 PM 24/6/2025
Car FAKE-27 entered at 08:43 PM 24/6/2025
Car FAKE-28 entered at 08:43 PM 24/6/2025
Car FAKE-29 entered at 08:43 PM 24/6/2025
Car FAKE-30 entered at 08:43 PM 24/6/2025
Car FAKE-31 entered at 08:43 PM 24/6/2025
Car FAKE-32 entered at 08:43 PM 24/6/2025
Car FAKE-33 entered at 08:43 PM 24/6/2025
Car FAKE-34 entered at 08:43 PM 24/6/2025
Car FAKE-35 entered at 08:43 PM 24/6/2025
Car FAKE-36 entered at 08:43 PM 24/6/2025
Car FAKE-37 entered at 08:43 PM 24/6/2025
Car FAKE-38 entered at 08:43 PM 24/6/2025
Car FAKE-39 entered at 08:43 PM 24/6/2025
Car FAKE-40 entered at 08:43 PM 24/6/2025
Car FAKE-41 entered at 08:43 PM 24/6/2025
Car FAKE-42 entered at 08:43 PM 24/6/2025
Car FAKE-43 entered at 08:43 PM 24/6/2025
Car FAKE-44 entered at 08:43 PM 24/6/2025
Car FAKE-45 entered at 08:43 PM 24/6/2025
Car FAKE-46 entered at 08:43 PM 24/6/2025
Car FAKE-47 entered at 08:43 PM 24/6/2025
Car FAKE-48 entered at 08:43 PM 24/6/2025
Car FAKE-49 entered at 08:43 PM 24/6/2025
Car FAKE-50 entered at 08:43 PM 24/6/2025
Car FAKE-51 entered at 08:43 PM 24/6/2025
Car FAKE-52 entered at 08:43 PM 24/6/2025
Car FAKE-53 entered at 08:43 PM 24/6/2025
Car FAKE-54 entered at 08:43 PM 24/6/2025
Car FAKE-55 entered at 08:43 PM 24/6/2025
Car FAKE-56 entered at 08:43 PM 24/6/2025
Car FAKE-57 entered at 08:43 PM 24/6/2025
Car FAKE-58 entered at 08:43 PM 24/6/2025
Car FAKE-59 entered at 08:43 PM 24/6/2025
Car FAKE-60 entered at 08:43 PM 24/6/2025
Car FAKE-61 entered at 08:43 PM 24/6/2025
Car FAKE-62 entered at 08:43 PM 24/6/2025
Car FAKE-63 entered at 08:43 PM 24/6/2025
Car FAKE-64 entered at 08:43 PM 24/6/2025
Car FAKE-65 entered at 08:43 PM 24/6/2025
Car FAKE-66 entered at 08:43 PM 24/6/2025
Car FAKE-67 entered at 08:43 PM 24/6/2025
Car FAKE-68 entered at 08:43 PM 24/6/2025
Car FAKE-69 entered at 08:43 PM 24/6/2025
Car FAKE-70 entered at 08:43 PM 24/6/2025
Car FAKE-71 entered at 08:43 PM 24/6/2025
Car FAKE-72 entered at 08:43 PM 24/6/2025
Car FAKE-73 entered at 08:43 PM 24/6/2025
Car FAKE-74 entered at 08:43 PM 24/6/2025
Car FAKE-75 entered at 08:43 PM 24/6/2025
Car FAKE-76 entered at 08:43 PM 24/6/2025
Car FAKE-77 entered at 08:43 PM 24/6/2025
Car FAKE-78 entered at 08:43 PM 24/6/2025
Car FAKE-79 entered at 08:43 PM 24/6/2025
Car FAKE-80 entered at 08:43 PM 24/6/2025
Car FAKE-81 entered at 08:43 PM 24/6/2025
Car FAKE-82 entered at 08:43 PM 24/6/2025
Car FAKE-83 entered at 08:43 PM 24/6/2025
Car FAKE-84 entered at 08:43 PM 24/6/2025
Car FAKE-85 entered at 08:43 PM 24/6/2025
Car FAKE-86 entered at 08:43 PM 24/6/2025
Car FAKE-87 entered at 08:43 PM 24/6/2025
Car FAKE-88 entered at 08:43 PM 24/6/2025
Car FAKE-89 entered at 08:43 PM 24/6/2025
Car FAKE-90 entered at 08:43 PM 24/6/2025
Car FAKE-91 entered at 08:43 PM 24/6/2025
Car FAKE-92 entered at 08:43 PM 24/6/2025
Car FAKE-93 entered at 08:43 PM 24/6/2025
Car FAKE-94 entered at 08:43 PM 24/6/2025
Car FAKE-95 entered at 08:43 PM 24/6/2025
Car FAKE-96 entered at 08:43 PM 24/6/2025
Car FAKE-97 entered at 08:43 PM 24/6/2025
Car FAKE-98 entered at 08:43 PM 24/6/2025
Car FAKE-99 entered at 08:43 PM 24/6/2025
Car FAKE-100 entered at 08:43 PM 24/6/2025
Car FAKE-100 exited at 08:43 PM 24/6/2025
Car FAKE-001 entered at 08:43 PM 24/6/2025
Car FAKE-001 exited at 08:43 PM 24/6/2025
Car FAKE-001 entered at 08:54 PM 24/6/2025
Car NEW-001 entered at 08:54 PM 24/6/2025
Car NEW-001 entered at 08:54 PM 24/6/2025
Car NEW-001 exited at 08:54 PM 24/6/2025
Car FAKE-0 entered at 08:54 PM 24/6/2025
Car FAKE-1 entered at 08:54 PM 24/6/2025
Car FAKE-2 entered at 08:54 PM 24/6/2025
Car FAKE-3 entered at 08:54 PM 24/6/2025
Car FAKE-4 entered at 08:54 PM 24/6/2025
Car FAKE-5 entered at 08:54 PM 24/6/2025
Car FAKE-6 entered at 08:54 PM 24/6/2025
Car FAKE-7 entered at 08:54 PM 24/6/2025
Car FAKE-8 entered at 08:54 PM 24/6/2025
Car FAKE-9 entered at 08:54 PM 24/6/2025
Car FAKE-10 entered at 08:54 PM 24/6/2025
Car FAKE-11 entered at 08:54 PM 24/6/2025
Car FAKE-12 entered at 08:54 PM 24/6/2025
Car FAKE-13 entered at 08:54 PM 24/6/2025
Car FAKE-14 entered at 08:54 PM 24/6/2025
Car FAKE-15 entered at 08:54 PM 24/6/2025
Car FAKE-16 entered at 08:54 PM 24/6/2025
Car FAKE-17 entered at 08:54 PM 24/6/2025
Car FAKE-18 entered at 08:54 PM 24/6/2025
Car FAKE-19 entered at 08:54 PM 24/6/2025
Car FAKE-20 entered at 08:54 PM 24/6/2025
Car FAKE-21 entered at 08:54 PM 24/6/2025
Car FAKE-22 entered at 08:54 PM 24/6/2025
Car FAKE-23 entered at 08:54 PM 24/6/2025
Car FAKE-24 entered at 08:54 PM 24/6/2025
Car FAKE-25 entered at 08:54 PM 24/6/2025
Car FAKE-26 entered at 08:54 PM 24/6/2025
Car FAKE-27 entered at 08:54 PM 24/6/2025
Car FAKE-28 entered at 08:54 PM 24/6/2025
Car FAKE-29 entered at 08:54 PM 24/6/2025
Car FAKE-30 entered at 08:54 PM 24/6/2025
Car FAKE-31 entered at 08:54 PM 24/6/2025
Car FAKE-32 entered at 08:54 PM 24/6/2025
Car FAKE-33 entered at 08:54 PM 24/6/2025
Car FAKE-34 entered at 08:54 PM 24/6/2025
Car FAKE-35 entered at 08:54 PM 24/6/2025
Car FAKE-36 entered at 08:54 PM 24/6/2025
Car FAKE-37 entered at 08:54 PM 24/6/2025
Car FAKE-38 entered at 08:54 PM 24/6/2025
Car FAKE-39 entered at 08:54 PM 24/6/2025
Car FAKE-40 entered at 08:54 PM 24/6/2025
Car FAKE-41 entered at 08:54 PM 24/6/2025
Car FAKE-42 entered at 08:54 PM 24/6/2025
Car FAKE-43 entered at 08:54 PM 24/6/2025
Car FAKE-44 entered at 08:54 PM 24/6/2025
Car FAKE-45 entered at 08:54 PM 24/6/2025
Car FAKE-46 entered at 08:54 PM 24/6/2025
Car FAKE-47 entered at 08:54 PM 24/6/2025
Car FAKE-48 entered at 08:54 PM 24/6/2025
Car FAKE-49 entered at 08:54 PM 24/6/2025
Car FAKE-50 entered at 08:54 PM 24/6/2025
Car FAKE-51 entered at 08:54 PM 24/6/2025
Car FAKE-52 entered at 08:54 PM 24/6/2025
Car FAKE-53 entered at 08:54 PM 24/6/2025
Car FAKE-54 entered at 08:54 PM 24/6/2025
Car FAKE-55 entered at 08:54 PM 24/6/2025
Car FAKE-56 entered at 08:54 PM 24/6/2025
Car FAKE-57 entered at 08:54 PM 24/6/2025
Car FAKE-58 entered at 08:54 PM 24/6/2025
Car FAKE-59 entered at 08:54 PM 24/6/2025
Car FAKE-60 entered at 08:54 PM 24/6/2025
Car FAKE-61 entered at 08:54 PM 24/6/2025
Car FAKE-62 entered at 08:54 PM 24/6/2025
Car FAKE-63 entered at 08:54 PM 24/6/2025
Car FAKE-64 entered at 08:54 PM 24/6/2025
Car FAKE-65 entered at 08:54 PM 24/6/2025
Car FAKE-66 entered at 08:54 PM 24/6/2025
Car FAKE-67 entered at 08:54 PM 24/6/2025
Car FAKE-68 entered at 08:54 PM 24/6/2025
Car FAKE-69 entered at 08:54 PM 24/6/2025
Car FAKE-70 entered at 08:54 PM 24/6/2025
Car FAKE-71 entered at 08:54 PM 24/6/2025
Car FAKE-72 entered at 08:54 PM 24/6/2025
Car FAKE-73 entered at 08:54 PM 24/6/2025
Car FAKE-74 entered at 08:54 PM 24/6/2025
Car FAKE-75 entered at 08:54 PM 24/6/2025
Car FAKE-76 entered at 08:54 PM 24/6/2025
Car FAKE-77 entered at 08:54 PM 24/6/2025
Car FAKE-78 entered at 08:54 PM 24/6/2025
Car FAKE-79 entered at 08:54 PM 24/6/2025
Car FAKE-80 entered at 08:54 PM 24/6/2025
Car FAKE-81 entered at 08:54 PM 24/6/2025
Car FAKE-82 entered at 08:54 PM 24/6/2025
Car FAKE-83 entered at 08:54 PM 24/6/2025
Car FAKE-84 entered at 08:54 PM 24/6/2025
Car FAKE-85 entered at 08:54 PM 24/6/2025
Car FAKE-86 entered at 08:54 PM 24/6/2025
Car FAKE-87 entered at 08:54 PM 24/6/2025
Car FAKE-88 entered at 08:54 PM 24/6/2025
Car FAKE-89 entered at 08:54 PM 24/6/2025
Car FAKE-90 entered at 08:54 PM 24/6/2025
Car FAKE-91 entered at 08:54 PM 24/6/2025
Car FAKE-92 entered at 08:54 PM 24/6/2025
Car FAKE-93 entered at 08:54 PM 24/6/2025
Car FAKE-94 entered at 08:54 PM 24/6/2025
Car FAKE-95 entered at 08:54 PM 24/6/2025
Car FAKE-96 entered at 08:54 PM 24/6/2025
Car FAKE-97 entered at 08:54 PM 24/6/2025
Car FAKE-98 entered at 08:54 PM 24/6/2025
Car FAKE-99 entered at 08:54 PM 24/6/2025
Car FAKE-100 entered at 08:54 PM 24/6/2025
Car FAKE-100 exited at 08:54 PM 24/6/2025
Car FAKE-001 entered at 08:54 PM 24/6/2025
Car FAKE-001 exited at 08:54 PM 24/6/2025
Car FAKE-001 entered at 08:55 PM 24/6/2025
Car NEW-001 entered at 08:55 PM 24/6/2025
Car NEW-001 entered at 08:55 PM 24/6/2025
Car NEW-001 exited at 08:55 PM 24/6/2025
Car FAKE-0 entered at 08:55 PM 24/6/2025
Car FAKE-1 entered at 08:55 PM 24/6/2025
Car FAKE-2 entered at 08:55 PM 24/6/2025
Car FAKE-3 entered at 08:55 PM 24/6/2025
Car FAKE-4 entered at 08:55 PM 24/6/2025
Car FAKE-5 entered at 08:55 PM 24/6/2025
Car FAKE-6 entered at 08:55 PM 24/6/2025
Car FAKE-7 entered at 08:55 PM 24/6/2025
Car FAKE-8 entered at 08:55 PM 24/6/2025
Car FAKE-9 entered at 08:55 PM 24/6/2025
Car FAKE-10 entered at 08:55 PM 24/6/2025
Car FAKE-11 entered at 08:55 PM 24/6/2025
Car FAKE-12 entered at 08:55 PM 24/6/2025
Car FAKE-13 entered at 08:55 PM 24/6/2025
Car FAKE-14 entered at 08:55 PM 24/6/2025
Car FAKE-15 entered at 08:55 PM 24/6/2025
Car FAKE-16 entered at 08:55 PM 24/6/2025
Car FAKE-17 entered at 08:55 PM 24/6/2025
Car FAKE-18 entered at 08:55 PM 24/6/2025
Car FAKE-19 entered at 08:55 PM 24/6/2025
Car FAKE-20 entered at 08:55 PM 24/6/2025
Car FAKE-21 entered at 08:55 PM 24/6/2025
Car FAKE-22 entered at 08:55 PM 24/6/2025
Car FAKE-23 entered at 08:55 PM 24/6/2025
Car FAKE-24 entered at 08:55 PM 24/6/2025
Car FAKE-25 entered at 08:55 PM 24/6/2025
Car FAKE-26 entered at 08:55 PM 24/6/2025
Car FAKE-27 entered at 08:55 PM 24/6/2025
Car FAKE-28 entered at 08:55 PM 24/6/2025
Car FAKE-29 entered at 08:55 PM 24/6/2025
Car FAKE-30 entered at 08:55 PM 24/6/2025
Car FAKE-31 entered at 08:55 PM 24/6/2025
Car FAKE-32 entered at 08:55 PM 24/6/2025
Car FAKE-33 entered at 08:55 PM 24/6/2025
Car FAKE-34 entered at 08:55 PM 24/6/2025
Car FAKE-35 entered at 08:55 PM 24/6/2025
Car FAKE-36 entered at 08:55 PM 24/6/2025
Car FAKE-37 entered at 08:55 PM 24/6/2025
Car FAKE-38 entered at 08:55 PM 24/6/2025
Car FAKE-39 entered at 08:55 PM 24/6/2025
Car FAKE-40 entered at 08:55 PM 24/6/2025
Car FAKE-41 entered at 08:55 PM 24/6/2025
Car FAKE-42 entered at 08:55 PM 24/6/2025
Car FAKE-43 entered at 08:55 PM 24/6/2025
Car FAKE-44 entered at 08:55 PM 24/6/2025
Car FAKE-45 entered at 08:55 PM 24/6/2025
Car FAKE-46 entered at 08:55 PM 24/6/2025
Car FAKE-47 entered at 08:55 PM 24/6/2025
Car FAKE-48 entered at 08:55 PM 24/6/2025
Car FAKE-49 entered at 08:55 PM 24/6/2025
Car FAKE-50 entered at 08:55 PM 24/6/2025
Car FAKE-51 entered at 08:55 PM 24/6/2025
Car FAKE-52 entered at 08:55 PM 24/6/2025
Car FAKE-53 entered at 08:55 PM 24/6/2025
Car FAKE-54 entered at 08:55 PM 24/6/2025
Car FAKE-55 entered at 08:55 PM 24/6/2025
Car FAKE-56 entered at 08:55 PM 24/6/2025
Car FAKE-57 entered at 08:55 PM 24/6/2025
Car FAKE-58 entered at 08:55 PM 24/6/2025
Car FAKE-59 entered at 08:55 PM 24/6/2025
Car FAKE-60 entered at 08:55 PM 24/6/2025
Car FAKE-61 entered at 08:55 PM 24/6/2025
Car FAKE-62 entered at 08:55 PM 24/6/2025
Car FAKE-63 entered at 08:55 PM 24/6/2025
Car FAKE-64 entered at 08:55 PM 24/6/2025
Car FAKE-65 entered at 08:55 PM 24/6/2025
Car FAKE-66 entered at 08:55 PM 24/6/2025
Car FAKE-67 entered at 08:55 PM 24/6/2025
Car FAKE-68 entered at 08:55 PM 24/6/2025
Car FAKE-69 entered at 08:55 PM 24/6/2025
Car FAKE-70 entered at 08:55 PM 24/6/2025
Car FAKE-71 entered at 08:55 PM 24/6/2025
Car FAKE-72 entered at 08:55 PM 24/6/2025
Car FAKE-73 entered at 08:55 PM 24/6/2025
Car FAKE-74 entered at 08:55 PM 24/6/2025
Car FAKE-75 entered at 08:55 PM 24/6/2025
Car FAKE-76 entered at 08:55 PM 24/6/2025
Car FAKE-77 entered at 08:55 PM 24/6/2025
Car FAKE-78 entered at 08:55 PM 24/6/2025
Car FAKE-79 entered at 08:55 PM 24/6/2025
Car FAKE-80 entered at 08:55 PM 24/6/2025
Car FAKE-81 entered at 08:55 PM 24/6/2025
Car FAKE-82 entered at 08:55 PM 24/6/2025
Car FAKE-83 entered at 08:55 PM 24/6/2025
Car FAKE-84 entered at 08:55 PM 24/6/2025
Car FAKE-85 entered at 08:55 PM 24/6/2025
Car FAKE-86 entered at 08:55 PM 24/6/2025
Car FAKE-87 entered at 08:55 PM 24/6/2025
Car FAKE-88 entered at 08:55 PM 24/6/2025
Car FAKE-89 entered at 08:55 PM 24/6/2025
Car FAKE-90 entered at 08:55 PM 24/6/2025
Car FAKE-91 entered at 08:55 PM 24/6/2025
Car FAKE-92 entered at 08:55 PM 24/6/2025
Car FAKE-93 entered at 08:55 PM 24/6/2025
Car FAKE-94 entered at 08:55 PM 24/6/2025
Car FAKE-95 entered at 08:55 PM 24/6/2025
Car FAKE-96 entered at 08:55 PM 24/6/2025
Car FAKE-97 entered at 08:55 PM 24/6/2025
Car FAKE-98 entered at 08:55 PM 24/6/2025
Car FAKE-99 entered at 08:55 PM 24/6/2025
Car FAKE-100 entered at 08:55 PM 24/6/2025
Car FAKE-100 exited at 08:55 PM 24/6/2025
Car FAKE-001 entered at 08:55 PM 24/6/2025
Car FAKE-001 exited at 08:55 PM 24/6/2025
Car FAKE-001 entered at 09:00 PM 24/6/2025
Car NEW-001 entered at 09:00 PM 24/6/2025
Car NEW-001 entered at 09:00 PM 24/6/2025
Car NEW-001 exited at 09:00 PM 24/6/2025
Car FAKE-0 entered at 09:00 PM 24/6/2025
Car FAKE-1 entered at 09:00 PM 24/6/2025
Car FAKE-2 entered at 09:00 PM 24/6/2025
Car FAKE-3 entered at 09:00 PM 24/6/2025
Car FAKE-4 entered at 09:00 PM 24/6/2025
Car FAKE-5 entered at 09:00 PM 24/6/2025
Car FAKE-6 entered at 09:00 PM 24/6/2025
Car FAKE-7 entered at 09:00 PM 24/6/2025
Car FAKE-8 entered at 09:00 PM 24/6/2025
Car FAKE-9 entered at 09:00 PM 24/6/2025
Car FAKE-10 entered at 09:00 PM 24/6/2025
Car FAKE-11 entered at 09:00 PM 24/6/2025
Car FAKE-12 entered at 09:00 PM 24/6/2025
Car FAKE-13 entered at 09:00 PM 24/6/2025
Car FAKE-14 entered at 09:00 PM 24/6/2025
Car FAKE-15 entered at 09:00 PM 24/6/2025
Car FAKE-16 entered at 09:00 PM 24/6/2025
Car FAKE-17 entered at 09:00 PM 24/6/2025
Car FAKE-18 entered at 09:00 PM 24/6/2025
Car FAKE-19 entered at 09:00 PM 24/6/2025
Car FAKE-20 entered at 09:00 PM 24/6/2025
Car FAKE-21 entered at 09:00 PM 24/6/2025
Car FAKE-22 entered at 09:00 PM 24/6/2025
Car FAKE-23 entered at 09:00 PM 24/6/2025
Car FAKE-24 entered at 09:00 PM 24/6/2025
Car FAKE-25 entered at 09:00 PM 24/6/2025
Car FAKE-26 entered at 09:00 PM 24/6/2025
Car FAKE-27 entered at 09:00 PM 24/6/2025
Car FAKE-28 entered at 09:00 PM 24/6/2025
Car FAKE-29 entered at 09:00 PM 24/6/2025
Car FAKE-30 entered at 09:00 PM 24/6/2025
Car FAKE-31 entered at 09:00 PM 24/6/2025
Car FAKE-32 entered at 09:00 PM 24/6/2025
Car FAKE-33 entered at 09:00 PM 24/6/2025
Car FAKE-34 entered at 09:00 PM 24/6/2025
Car FAKE-35 entered at 09:00 PM 24/6/2025
Car FAKE-36 entered at 09:00 PM 24/6/2025
Car FAKE-37 entered at 09:00 PM 24/6/2025
Car FAKE-38 entered at 09:00 PM 24/6/2025
Car FAKE-39 entered at 09:00 PM 24/6/2025
Car FAKE-40 entered at 09:00 PM 24/6/2025
Car FAKE-41 entered at 09:00 PM 24/6/2025
Car FAKE-42 entered at 09:00 PM 24/6/2025
Car FAKE-43 entered at 09:00 PM 24/6/2025
Car FAKE-44 entered at 09:00 PM 24/6/2025
Car FAKE-45 entered at 09:00 PM 24/6/2025
Car FAKE-46 entered at 09:00 PM 24/6/2025
Car FAKE-47 entered at 09:00 PM 24/6/2025
Car FAKE-48 entered at 09:00 PM 24/6/2025
Car FAKE-49 entered at 09:00 PM 24/6/2025
Car FAKE-50 entered at 09:00 PM 24/6/2025
Car FAKE-51 entered at 09:00 PM 24/6/2025
Car FAKE-52 entered at 09:00 PM 24/6/2025
Car FAKE-53 entered at 09:00 PM 24/6/2025
Car FAKE-54 entered at 09:00 PM 24/6/2025
Car FAKE-55 entered at 09:00 PM 24/6/2025
Car FAKE-56 entered at 09:00 PM 24/6/2025
Car FAKE-57 entered at 09:00 PM 24/6/2025
Car FAKE-58 entered at 09:00 PM 24/6/2025
Car FAKE-59 entered at 09:00 PM 24/6/2025
Car FAKE-60 entered at 09:00 PM 24/6/2025
Car FAKE-61 entered at 09:00 PM 24/6/2025
Car FAKE-62 entered at 09:00 PM 24/6/2025
Car FAKE-63 entered at 09:00 PM 24/6/2025
Car FAKE-64 entered at 09:00 PM 24/6/2025
Car FAKE-65 entered at 09:00 PM 24/6/2025
Car FAKE-66 entered at 09:00 PM 24/6/2025
Car FAKE-67 entered at 09:00 PM 24/6/2025
Car FAKE-68 entered at 09:00 PM 24/6/2025
Car FAKE-69 entered at 09:00 PM 24/6/2025
Car FAKE-70 entered at 09:00 PM 24/6/2025
Car FAKE-71 entered at 09:00 PM 24/6/2025
Car FAKE-72 entered at 09:00 PM 24/6/2025
Car FAKE-73 entered at 09:00 PM 24/6/2025
Car FAKE-74 entered at 09:00 PM 24/6/2025
Car FAKE-75 entered at 09:00 PM 24/6/2025
Car FAKE-76 entered at 09:00 PM 24/6/2025
Car FAKE-77 entered at 09:00 PM 24/6/2025
Car FAKE-78 entered at 09:00 PM 24/6/2025
Car FAKE-79 entered at 09:00 PM 24/6/2025
Car FAKE-80 entered at 09:00 PM 24/6/2025
Car FAKE-81 entered at 09:00 PM 24/6/2025
Car FAKE-82 entered at 09:00 PM 24/6/2025
Car FAKE-83 entered at 09:00 PM 24/6/2025
Car FAKE-84 entered at 09:00 PM 24/6/2025
Car FAKE-85 entered at 09:00 PM 24/6/2025
Car FAKE-86 entered at 09:00 PM 24/6/2025
Car FAKE-87 entered at 09:00 PM 24/6/2025
Car FAKE-88 entered at 09:00 PM 24/6/2025
Car FAKE-89 entered at 09:00 PM 24/6/2025
Car FAKE-90 entered at 09:00 PM 24/6/2025
Car FAKE-91 entered at 09:00 PM 24/6/2025
Car FAKE-92 entered at 09:00 PM 24/6/2025
Car FAKE-93 entered at 09:00 PM 24/6/2025
Car FAKE-94 entered at 09:00 PM 24/6/2025
Car FAKE-95 entered at 09:00 PM 24/6/2025
Car FAKE-96 entered at 09:00 PM 24/6/2025
Car FAKE-97 entered at 09:00 PM 24/6/2025
Car FAKE-98 entered at 09:00 PM 24/6/2025
Car FAKE-99 entered at 09:00 PM 24/6/2025
Car FAKE-100 entered at 09:00 PM 24/6/2025
Car FAKE-100 exited at 09:00 PM 24/6/2025
Car FAKE-001 entered at 09:00 PM 24/6/2025
Car FAKE-001 exited at 09:00 PM 24/6/2025
Car FAKE-001 entered at 09:00 PM 24/6/2025
Car NEW-001 entered at 09:00 PM 24/6/2025
Car NEW-001 entered at 09:00 PM 24/6/2025
Car NEW-001 exited at 09:00 PM 24/6/2025
Car FAKE-0 entered at 09:00 PM 24/6/2025
Car FAKE-1 entered at 09:00 PM 24/6/2025
Car FAKE-2 entered at 09:00 PM 24/6/2025
Car FAKE-3 entered at 09:00 PM 24/6/2025
Car FAKE-4 entered at 09:00 PM 24/6/2025
Car FAKE-5 entered at 09:00 PM 24/6/2025
Car FAKE-6 entered at 09:00 PM 24/6/2025
Car FAKE-7 entered at 09:00 PM 24/6/2025
Car FAKE-8 entered at 09:00 PM 24/6/2025
Car FAKE-9 entered at 09:00 PM 24/6/2025
Car FAKE-10 entered at 09:00 PM 24/6/2025
Car FAKE-11 entered at 09:00 PM 24/6/2025
Car FAKE-12 entered at 09:00 PM 24/6/2025
Car FAKE-13 entered at 09:00 PM 24/6/2025
Car FAKE-14 entered at 09:00 PM 24/6/2025
Car FAKE-15 entered at 09:00 PM 24/6/2025
Car FAKE-16 entered at 09:00 PM 24/6/2025
Car FAKE-17 entered at 09:00 PM 24/6/2025
Car FAKE-18 entered at 09:00 PM 24/6/2025
Car FAKE-19 entered at 09:00 PM 24/6/2025
Car FAKE-20 entered at 09:00 PM 24/6/2025
Car FAKE-21 entered at 09:00 PM 24/6/2025
Car FAKE-22 entered at 09:00 PM 24/6/2025
Car FAKE-23 entered at 09:00 PM 24/6/2025
Car FAKE-24 entered at 09:00 PM 24/6/2025
Car FAKE-25 entered at 09:00 PM 24/6/2025
Car FAKE-26 entered at 09:00 PM 24/6/2025
Car FAKE-27 entered at 09:00 PM 24/6/2025
Car FAKE-28 entered at 09:00 PM 24/6/2025
Car FAKE-29 entered at 09:00 PM 24/6/2025
Car FAKE-30 entered at 09:00 PM 24/6/2025
Car FAKE-31 entered at 09:00 PM 24/6/2025
Car FAKE-32 entered at 09:00 PM 24/6/2025
Car FAKE-33 entered at 09:00 PM 24/6/2025
Car FAKE-34 entered at 09:00 PM 24/6/2025
Car FAKE-35 entered at 09:00 PM 24/6/2025
Car FAKE-36 entered at 09:00 PM 24/6/2025
Car FAKE-37 entered at 09:00 PM 24/6/2025
Car FAKE-38 entered at 09:00 PM 24/6/2025
Car FAKE-39 entered at 09:00 PM 24/6/2025
Car FAKE-40 entered at 09:00 PM 24/6/2025
Car FAKE-41 entered at 09:00 PM 24/6/2025
Car FAKE-42 entered at 09:00 PM 24/6/2025
Car FAKE-43 entered at 09:00 PM 24/6/2025
Car FAKE-44 entered at 09:00 PM 24/6/2025
Car FAKE-45 entered at 09:00 PM 24/6/2025
Car FAKE-46 entered at 09:00 PM 24/6/2025
Car FAKE-47 entered at 09:00 PM 24/6/2025
Car FAKE-48 entered at 09:00 PM 24/6/2025
Car FAKE-49 entered at 09:00 PM 24/6/2025
Car FAKE-50 entered at 09:00 PM 24/6/2025
Car FAKE-51 entered at 09:00 PM 24/6/2025
Car FAKE-52 entered at 09:00 PM 24/6/2025
Car FAKE-53 entered at 09:00 PM 24/6/2025
Car FAKE-54 entered at 09:00 PM 24/6/2025
Car FAKE-55 entered at 09:00 PM 24/6/2025
Car FAKE-56 entered at 09:00 PM 24/6/2025
Car FAKE-57 entered at 09:00 PM 24/6/2025
Car FAKE-58 entered at 09:00 PM 24/6/2025
Car FAKE-59 entered at 09:00 PM 24/6/2025
Car FAKE-60 entered at 09:00 PM 24/6/2025
Car FAKE-61 entered at 09:00 PM 24/6/2025
Car FAKE-62 entered at 09:00 PM 24/6/2025
Car FAKE-63 entered at 09:00 PM 24/6/2025
Car FAKE-64 entered at 09:00 PM 24/6/2025
Car FAKE-65 entered at 09:00 PM 24/6/2025
Car FAKE-66 entered at 09:00 PM 24/6/2025
Car FAKE-67 entered at 09:00 PM 24/6/2025
Car FAKE-68 entered at 09:00 PM 24/6/2025
Car FAKE-69 entered at 09:00 PM 24/6/2025
Car FAKE-70 entered at 09:00 PM 24/6/2025
Car FAKE-71 entered at 09:00 PM 24/6/2025
Car FAKE-72 entered at 09:00 PM 24/6/2025
Car FAKE-73 entered at 09:00 PM 24/6/2025
Car FAKE-74 entered at 09:00 PM 24/6/2025
Car FAKE-75 entered at 09:00 PM 24/6/2025
Car FAKE-76 entered at 09:00 PM 24/6/2025
Car FAKE-77 entered at 09:00 PM 24/6/2025
Car FAKE-78 entered at 09:00 PM 24/6/2025
Car FAKE-79 entered at 09:00 PM 24/6/2025
Car FAKE-80 entered at 09:00 PM 24/6/2025
Car FAKE-81 entered at 09:00 PM 24/6/2025
Car FAKE-82 entered at 09:00 PM 24/6/2025
Car FAKE-83 entered at 09:00 PM 24/6/2025
Car FAKE-84 entered at 09:00 PM 24/6/2025
Car FAKE-85 entered at 09:00 PM 24/6/2025
Car FAKE-86 entered at 09:00 PM 24/6/2025
Car FAKE-87 entered at 09:00 PM 24/6/2025
Car FAKE-88 entered at 09:00 PM 24/6/2025
Car FAKE-89 entered at 09:00 PM 24/6/2025
Car FAKE-90 entered at 09:00 PM 24/6/2025
Car FAKE-91 entered at 09:00 PM 24/6/2025
Car FAKE-92 entered at 09:00 PM 24/6/2025
Car FAKE-93 entered at 09:00 PM 24/6/2025
Car FAKE-94 entered at 09:00 PM 24/6/2025
Car FAKE-95 entered at 09:00 PM 24/6/2025
Car FAKE-96 entered at 09:00 PM 24/6/2025
Car FAKE-97 entered at 09:00 PM 24/6/2025
Car FAKE-98 entered at 09:00 PM 24/6/2025
Car FAKE-99 entered at 09:00 PM 24/6/2025
Car FAKE-100 entered at 09:00 PM 24/6/2025
Car FAKE-100 exited at 09:00 PM 24/6/2025
Car FAKE-001 entered at 09:00 PM 24/6/2025
Car FAKE-001 exited at 09:00 PM 24/6/2025
